Julia bridge: 0 live tests skipped; bridge glue is UNTESTED in this configuration.
test-check-drm.R                         pass= 270 fail=0 error=0 skip=0
Julia bridge: 2 live tests ran; bridge glue was exercised in this configuration.
test-coevolution-accessors.R             pass= 123 fail=0 error=0 skip=0
i Starting Julia (first call in a session takes ~30-60 s; later calls are fast)...
Julia version 1.10.0 at location /Users/z3437171/.julia/juliaup/julia-1.10.0+0.aarch64.apple.darwin14/bin will be used.
Loading setup script for JuliaCall...
Finish loading setup script for JuliaCall.
[91m[1mERROR: [22m[39mLoadError: UndefVarError: `loglogistic` not defined
Stacktrace:
 [1] top-level scope
[90m   @[39m [90m~/.julia/packages/LogExpFunctions/LITgj/ext/[39m[90m[4mLogExpFunctionsInverseFunctionsExt.jl:19[24m[39m
 [2] [0m[1minclude[22m
[90m   @[39m [90mBase[39m [90m./[39m[90m[4mBase.jl:495[24m[39m[90m [inlined][39m
 [3] [0m[1minclude_package_for_output[22m[0m[1m([22m[90mpkg[39m::[0mBase.PkgId, [90minput[39m::[0mString, [90mdepot_path[39m::[0mVector[90m{String}[39m, [90mdl_load_path[39m::[0mVector[90m{String}[39m, [90mload_path[39m::[0mVector[90m{String}[39m, [90mconcrete_deps[39m::[0mVector[90m{Pair{Base.PkgId, UInt128}}[39m, [90msource[39m::[0mNothing[0m[1m)[22m
[90m   @[39m [90mBase[39m [90m./[39m[90m[4mloading.jl:2216[24m[39m
 [4] top-level scope
[90m   @[39m [90m[4mstdin:3[24m[39m
in expression starting at /Users/z3437171/.julia/packages/LogExpFunctions/LITgj/ext/LogExpFunctionsInverseFunctionsExt.jl:1
in expression starting at stdin:3
drmTMB_drm_bridge (generic function with 1 method)
  
drmTMB_drm_bridge_conditional_gaussian_ri (generic function with 1 method)
  
drmTMB_drm_bridge_q2_phylo (generic function with 1 method)
  
drmTMB_drm_bridge_inference (generic function with 1 method)
  
drmTMB_drm_bridge_fixef_inference (generic function with 1 method)
  
drmTMB_drm_bridge_structured (generic function with 1 method)
  
drmTMB_mixed_family (generic function with 1 method)
  
Julia bridge: 5 live tests ran; bridge glue was exercised in this configuration.
test-coefficient-labels.R                pass= 135 fail=0 error=0 skip=0
Julia bridge: 0 live tests skipped; bridge glue is UNTESTED in this configuration.
test-julia-bridge-coef-labels.R          pass=  36 fail=0 error=0 skip=0
Julia bridge: 2 live tests ran; bridge glue was exercised in this configuration.
test-julia-bridge.R                      pass= 146 fail=0 error=0 skip=0
Julia bridge: 0 live tests skipped; bridge glue is UNTESTED in this configuration.
test-julia-conditional-prediction.R      pass=  20 fail=0 error=0 skip=0
Julia bridge: 2 live tests ran; bridge glue was exercised in this configuration.
test-julia-diagnostics.R                 pass=  97 fail=2 error=2 skip=0
<drmTMB Julia-engine fit summary>
observations: 30
logLik: -123.4
convergence: converged
uncertainty: ok

Fixed effects (link scale):
  dpar        term estimate std.error statistic      p.value   conf.low
    mu (Intercept)      0.5 0.2000000   2.50000 1.241933e-02  0.1080072
    mu           x      0.4 0.1000000   4.00000 6.334248e-05  0.2040036
 sigma (Intercept)     -0.3 0.1414214  -2.12132 3.389485e-02 -0.5771808
   conf.high conf.level
  0.89199280       0.95
  0.59599640       0.95
 -0.02281924       0.95

Random effects (SD, response scale):
 dpar               term       sd
   mu phylo(1 | species) 2.404163
Julia bridge: 4 live tests ran; bridge glue was exercised in this configuration.
test-julia-inference.R                   pass= 175 fail=0 error=0 skip=0
Julia bridge: 2 live tests ran; bridge glue was exercised in this configuration.
test-julia-objective-at-bridge.R         pass=   6 fail=0 error=0 skip=0
Julia bridge: 2 live tests ran; bridge glue was exercised in this configuration.
test-julia-phylo-q4-corpairs.R           pass=  48 fail=0 error=0 skip=0
Julia bridge: 0 live tests skipped; bridge glue is UNTESTED in this configuration.
test-julia-structured-inference.R        pass=  48 fail=0 error=0 skip=0
Julia bridge: 1 live test ran; bridge glue was exercised in this configuration.
test-julia-sigma-phylo-reml.R            pass=  76 fail=0 error=0 skip=0
Julia bridge: 1 live test ran; bridge glue was exercised in this configuration.
test-profile-targets-julia.R             pass=  38 fail=0 error=0 skip=0
i Starting Julia (first call in a session takes ~30-60 s; later calls are fast)...
drmTMB_drm_bridge (generic function with 1 method)
  
drmTMB_drm_bridge_conditional_gaussian_ri (generic function with 1 method)
  
drmTMB_drm_bridge_q2_phylo (generic function with 1 method)
  
drmTMB_drm_bridge_inference (generic function with 1 method)
  
drmTMB_drm_bridge_fixef_inference (generic function with 1 method)
  
drmTMB_drm_bridge_structured (generic function with 1 method)
  
drmTMB_mixed_family (generic function with 1 method)
  
Julia bridge: 4 live tests ran; bridge glue was exercised in this configuration.
test-xfam-bridge.R                       pass= 101 fail=0 error=0 skip=0
Julia bridge: 0 live tests skipped; bridge glue is UNTESTED in this configuration.
test-julia-bridge-summary.R              pass=  17 fail=0 error=0 skip=0
Julia bridge: 0 live tests skipped; bridge glue is UNTESTED in this configuration.
test-julia-joint-methods.R               pass=  47 fail=0 error=0 skip=0
TOTAL pass=1383 failures+errors=4 skipped=0
NEIGHBOURS_FAILED
Julia exit.
  Activating project at `~/local-scratch/parity-joint/drmjl-430ef64cc`
┌ Error: Error during loading of extension LogExpFunctionsInverseFunctionsExt of LogExpFunctions, use `Base.retry_load_extensions()` to retry.
│   exception =
│    1-element ExceptionStack:
│    Failed to precompile LogExpFunctionsInverseFunctionsExt [1e5f9c58-a15c-5ce5-87cf-a68a2eda25d9] to "/Users/z3437171/.julia/compiled/v1.10/LogExpFunctionsInverseFunctionsExt/jl_mRzeOZ".
│    Stacktrace:
│      [1] error(s::String)
│        @ Base ./error.jl:35
│      [2] compilecache(pkg::Base.PkgId, path::String, internal_stderr::IO, internal_stdout::IO, keep_loaded_modules::Bool)
│        @ Base ./loading.jl:2462
│      [3] compilecache(pkg::Base.PkgId, path::String, internal_stderr::IO, internal_stdout::IO, keep_loaded_modules::Bool)
│        @ Base ./loading.jl:2334 [inlined]
│      [4] (::Base.var"#968#969"{Base.PkgId})()
│        @ Base ./loading.jl:1968
│      [5] mkpidlock(f::Base.var"#968#969"{Base.PkgId}, at::String, pid::Int32; kwopts::@Kwargs{stale_age::Int64, wait::Bool})
│        @ FileWatching.Pidfile ~/.julia/juliaup/julia-1.10.0+0.aarch64.apple.darwin14/share/julia/stdlib/v1.10/FileWatching/src/pidfile.jl:93
│      [6] #mkpidlock#6
│        @ FileWatching.Pidfile ~/.julia/juliaup/julia-1.10.0+0.aarch64.apple.darwin14/share/julia/stdlib/v1.10/FileWatching/src/pidfile.jl:88 [inlined]
│      [7] trymkpidlock(::Function, ::Vararg{Any}; kwargs::@Kwargs{stale_age::Int64})
│        @ FileWatching.Pidfile ~/.julia/juliaup/julia-1.10.0+0.aarch64.apple.darwin14/share/julia/stdlib/v1.10/FileWatching/src/pidfile.jl:111
│      [8] #invokelatest#2
│        @ Base ./essentials.jl:889 [inlined]
│      [9] invokelatest
│        @ Base ./essentials.jl:884 [inlined]
│     [10] maybe_cachefile_lock(f::Base.var"#968#969"{Base.PkgId}, pkg::Base.PkgId, srcpath::String; stale_age::Int64)
│        @ Base ./loading.jl:2977
│     [11] maybe_cachefile_lock
│        @ Base ./loading.jl:2974 [inlined]
│     [12] _require(pkg::Base.PkgId, env::Nothing)
│        @ Base ./loading.jl:1964
│     [13] __require_prelocked(uuidkey::Base.PkgId, env::Nothing)
│        @ Base ./loading.jl:1806
│     [14] #invoke_in_world#3
│        @ Base ./essentials.jl:921 [inlined]
│     [15] invoke_in_world
│        @ Base ./essentials.jl:918 [inlined]
│     [16] _require_prelocked
│        @ Base ./loading.jl:1797 [inlined]
│     [17] _require_prelocked
│        @ Base ./loading.jl:1796 [inlined]
│     [18] run_extension_callbacks(extid::Base.ExtensionId)
│        @ Base ./loading.jl:1289
│     [19] run_extension_callbacks(pkgid::Base.PkgId)
│        @ Base ./loading.jl:1324
│     [20] run_package_callbacks(modkey::Base.PkgId)
│        @ Base ./loading.jl:1158
│     [21] _tryrequire_from_serialized(modkey::Base.PkgId, path::String, ocachepath::String, sourcepath::String, depmods::Vector{Any})
│        @ Base ./loading.jl:1481
│     [22] _require_search_from_serialized(pkg::Base.PkgId, sourcepath::String, build_id::UInt128)
│        @ Base ./loading.jl:1568
│     [23] _require(pkg::Base.PkgId, env::String)
│        @ Base ./loading.jl:1932
│     [24] __require_prelocked(uuidkey::Base.PkgId, env::String)
│        @ Base ./loading.jl:1806
│     [25] #invoke_in_world#3
│        @ Base ./essentials.jl:921 [inlined]
│     [26] invoke_in_world
│        @ Base ./essentials.jl:918 [inlined]
│     [27] _require_prelocked(uuidkey::Base.PkgId, env::String)
│        @ Base ./loading.jl:1797
│     [28] macro expansion
│        @ Base ./loading.jl:1784 [inlined]
│     [29] macro expansion
│        @ Base ./lock.jl:267 [inlined]
│     [30] __require(into::Module, mod::Symbol)
│        @ Base ./loading.jl:1747
│     [31] #invoke_in_world#3
│        @ Base ./essentials.jl:921 [inlined]
│     [32] invoke_in_world
│        @ Base ./essentials.jl:918 [inlined]
│     [33] require(into::Module, mod::Symbol)
│        @ Base ./loading.jl:1740
│     [34] eval
│        @ Core ./boot.jl:385 [inlined]
│     [35] eval_string(x::String)
│        @ Main.JuliaCall ~/Library/R/arm64/4.6/library/JuliaCall/julia/setup.jl:203
│     [36] docall(call1::Ptr{Nothing})
│        @ Main.JuliaCall ~/Library/R/arm64/4.6/library/JuliaCall/julia/setup.jl:0
└ @ Base loading.jl:1295
┌ Warning: Hessian is numerically singular at the optimum — using a pseudo-inverse.
│ The fit is at a variance/dispersion boundary, so standard errors for the
│ flagged coordinates are NOT trustworthy. Prefer `confint(fit, method = :profile)`
│ or the bootstrap entry points for those targets.
│   context = ""
│   flat_coordinates =
│    1-element Vector{Int64}:
│     5
│   rcond = 3.824920056544244e-17
└ @ DRM ~/local-scratch/parity-joint/drmjl-430ef64cc/src/vcov_guard.jl:87
┌ Warning: drm: this tree's maximum tip height is 6.317269, not 1, so `sd_phylo` is on the RAW branch-length scale. For an ultrametric tree it is a factor 2.513418 = sqrt(6.317269) away from the correlation scale R's drmTMB reports (via `ape::vcv(tree, corr = TRUE)`); rescale branches by 1/6.317269 to match. A non-ultrametric tree requires tip-wise correlation standardization, not this scalar rescaling. `phylo_tree_height(tree)` reports this.
└ @ DRM ~/local-scratch/parity-joint/drmjl-430ef64cc/src/sparse_phy.jl:713
┌ Warning: Hessian is numerically singular at the optimum — using a pseudo-inverse.
│ The fit is at a variance/dispersion boundary, so standard errors for the
│ flagged coordinates are NOT trustworthy. Prefer `confint(fit, method = :profile)`
│ or the bootstrap entry points for those targets.
│   context = ""
│   flat_coordinates =
│    1-element Vector{Int64}:
│     4
│   rcond = 2.3012873103253004e-20
└ @ DRM ~/local-scratch/parity-joint/drmjl-430ef64cc/src/vcov_guard.jl:87
┌ Warning: Hessian is numerically singular at the optimum — using a pseudo-inverse.
│ The fit is at a variance/dispersion boundary, so standard errors for the
│ flagged coordinates are NOT trustworthy. Prefer `confint(fit, method = :profile)`
│ or the bootstrap entry points for those targets.
│   context = ""
│   flat_coordinates =
│    1-element Vector{Int64}:
│     4
│   rcond = 2.3012873103253004e-20
└ @ DRM ~/local-scratch/parity-joint/drmjl-430ef64cc/src/vcov_guard.jl:87
┌ Warning: Hessian is numerically singular at the optimum — using a pseudo-inverse.
│ The fit is at a variance/dispersion boundary, so standard errors for the
│ flagged coordinates are NOT trustworthy. Prefer `confint(fit, method = :profile)`
│ or the bootstrap entry points for those targets.
│   context = ""
│   flat_coordinates =
│    1-element Vector{Int64}:
│     4
│   rcond = 2.3012873103253004e-20
└ @ DRM ~/local-scratch/parity-joint/drmjl-430ef64cc/src/vcov_guard.jl:87
┌ Warning: aic on a REML fit: REML log-likelihoods are only comparable across models with the SAME fixed-effect (mean) structure (variance-only differences). For model selection across mean structures, refit with method = :ML.
└ @ DRM ~/local-scratch/parity-joint/drmjl-430ef64cc/src/gaussian_core.jl:1916
┌ Warning: drm: this tree's maximum tip height is 1.094413, not 1, so `sd_phylo` is on the RAW branch-length scale. For an ultrametric tree it is a factor 1.046142 = sqrt(1.094413) away from the correlation scale R's drmTMB reports (via `ape::vcv(tree, corr = TRUE)`); rescale branches by 1/1.094413 to match. A non-ultrametric tree requires tip-wise correlation standardization, not this scalar rescaling. `phylo_tree_height(tree)` reports this.
└ @ DRM ~/local-scratch/parity-joint/drmjl-430ef64cc/src/sparse_phy.jl:713
  Activating project at `~/local-scratch/parity-joint/drmjl-430ef64cc`
